ERC report (2026-07-11T22:31:26, Encoding UTF8)
Report includes: Errors, Warnings

***** Sheet /
[pin_not_connected]: Pin not connected
    ; error
    @(58.42 mm, 97.79 mm): Symbol U3 Hidden pin 10 [VLED+, Passive, Line]
[pin_to_pin]: Pins of type Output and Output are connected
    ; error
    @(148.59 mm, 73.66 mm): Symbol U2 Pin 12 [INT, Output, Line]
    @(45.72 mm, 107.95 mm): Symbol U3 Pin 13 [~{INT}, Output, Line]
[lib_symbol_mismatch]: Symbol 'ATtiny85-20S' doesn't match copy in library 'MCU_Microchip_ATtiny'
    ; warning
    @(29.21 mm, 31.75 mm): Symbol U1 [ATtiny85-20S]
[multiple_net_names]: Both MOSI and NSS are attached to the same items; MOSI will be used in the netlist
    ; warning
    @(190.50 mm, 59.69 mm): Label 'MOSI'
    @(39.37 mm, 55.88 mm): Label 'NSS'
[lib_symbol_mismatch]: Symbol 'MAX30102' doesn't match copy in library 'Sensor'
    ; warning
    @(45.72 mm, 97.79 mm): Symbol U3 [MAX30102]
[no_connect_dangling]: Unconnected "no connection" flag
    ; warning
    @(113.03 mm, 91.44 mm): No Connect
[multiple_net_names]: Both INT_SENS and SCL are attached to the same items; INT_SENS will be used in the netlist
    ; warning
    @(151.13 mm, 148.59 mm): Label 'INT_SENS'
    @(115.57 mm, 148.59 mm): Label 'SCL'
[lib_symbol_mismatch]: Symbol 'RFM69CW' doesn't match copy in library 'RFM69CW'
    ; warning
    @(129.54 mm, 33.02 mm): Symbol U4 [RFM69CW]
[lib_symbol_mismatch]: Symbol 'MPU-6050' doesn't match copy in library 'Sensor_Motion'
    ; warning
    @(130.81 mm, 81.28 mm): Symbol U2 [MPU-6050]
[no_connect_dangling]: Unconnected "no connection" flag
    ; warning
    @(227.33 mm, 102.87 mm): No Connect

 ** ERC messages: 10  Errors 2  Warnings 8

 ** Ignored checks:
    - Global label only appears once in the schematic
    - Four connection points are joined together
    - SPICE model issue
    - Assigned footprint doesn't match footprint filters
